<html>
<body>
<pre>
<h1>µVision Build Log</h1>
<h2>Tool Versions:</h2>
IDE-Version: •ÏVision V5.42.0.0
Copyright (C) 2025 ARM Ltd and ARM Germany GmbH. All rights reserved.
License Information: Kim KCCISTC, KCCI, LIC=----
 
Tool Versions:
Toolchain:       MDK-Lite  Version: 5.42.0.0
Toolchain Path:  C:\Users\KCCISTC\AppData\Local\Keil_v5\ARM\ARMCLANG\Bin
C Compiler:      ArmClang.exe V6.23
Assembler:       Armasm.exe V6.23
Linker/Locator:  ArmLink.exe V6.23
Library Manager: ArmAr.exe V6.23
Hex Converter:   FromElf.exe V6.23
CPU DLL:         SARMCM3.DLL V5.42.0.0
Dialog DLL:      DCM.DLL V1.17.5.0
Target DLL:      STLink\ST-LINKIII-KEIL_SWO.dll V3.3.0.0
Dialog DLL:      TCM.DLL V1.56.6.0
 
<h2>Project:</h2>
C:\Users\KCCISTC\Documents\cubemx\Desk_Manager\MDK-ARM\Desk_Manager.uvprojx
Project File Date:  08/06/2025

<h2>Output:</h2>
*** Using Compiler 'V6.23', folder: 'C:\Users\KCCISTC\AppData\Local\Keil_v5\ARM\ARMCLANG\Bin'
Rebuild target 'Desk_Manager'
compiling stm32f4xx_hal_msp.c...
compiling stm32f4xx_hal_flash_ramfunc.c...
compiling stm32f4xx_ll_adc.c...
compiling stm32f4xx_hal_flash_ex.c...
compiling keypad.c...
../Core/Src/main.c(735): warning: format specifies type 'unsigned long' but the argument has type 'uint32_t' (aka 'unsigned int') [-Wformat]
  735 |             snprintf(buffer, sizeof(buffer), "Light: OK (%4lu)", (g_light_value > 9999 ? 9999 : g_light_value));
      |                                                          ~~~~    ^~~~~~~~~~~~~~~~~~~~~~~~~~~~~~~~~~~~~~~~~~~~~
      |                                                          %4u
1 warning generated.
compiling main.c...
compiling lcd_i2c.c...
assembling startup_stm32f411xe.s...
compiling stm32f4xx_it.c...
compiling stm32f4xx_hal_gpio.c...
compiling stm32f4xx_hal_flash.c...
compiling stm32f4xx_hal_rcc_ex.c...
compiling stm32f4xx_hal_dma_ex.c...
compiling stm32f4xx_hal_adc_ex.c...
compiling stm32f4xx_hal_rcc.c...
compiling stm32f4xx_hal_adc.c...
compiling stm32f4xx_hal_pwr.c...
compiling stm32f4xx_hal_pwr_ex.c...
compiling stm32f4xx_hal_dma.c...
compiling stm32f4xx_hal_cortex.c...
compiling stm32f4xx_hal.c...
compiling stm32f4xx_hal_exti.c...
compiling stm32f4xx_hal_i2c_ex.c...
compiling system_stm32f4xx.c...
compiling stm32f4xx_hal_tim_ex.c...
compiling stm32f4xx_hal_uart.c...
compiling stm32f4xx_hal_tim.c...
compiling stm32f4xx_hal_i2c.c...
linking...
Program Size: Code=14604 RO-data=700 RW-data=68 ZI-data=1972  
FromELF: creating hex file...
"Desk_Manager\Desk_Manager.axf" - 0 Error(s), 1 Warning(s).

<h2>Software Packages used:</h2>

Package Vendor: ARM
                https://www.keil.com/pack/ARM.CMSIS.6.2.0.pack
                ARM::CMSIS@6.2.0
                CMSIS (Common Microcontroller Software Interface Standard)
   * Component: CORE Version: 6.1.1

Package Vendor: Keil
                https://www.keil.com/pack/Keil.STM32F4xx_DFP.3.1.0.pack
                Keil::STM32F4xx_DFP@3.1.0
                STMicroelectronics STM32F4 Series Device Support

<h2>Collection of Component include folders:</h2>
  ./RTE/_Desk_Manager
  C:/Users/KCCISTC/AppData/Local/Arm/Packs/ARM/CMSIS/6.2.0/CMSIS/Core/Include

<h2>Collection of Component Files used:</h2>

   * Component: ARM::CMSIS:CORE@6.1.1
      Include file:  CMSIS/Core/Include/tz_context.h
Build Time Elapsed:  00:00:01
</pre>
</body>
</html>
